<html>
<body>
<pre>
<h1>µVision Build Log</h1>
<h2>Project:</h2>
C:\Users\Chonor\Desktop\FTC-Explorer-V1.1\FTC_Hexacopter.uvproj
Project File Date:  07/09/2017

<h2>Output:</h2>
Build target 'FTC_Hexacopter'
compiling FTC_FlyControl.cpp...
applications\FTC_FlyControl.cpp(147): warning:  #1-D: last line of file ends without a newline
  /************************ (C) COPYRIGHT 2015 FTC *****END OF FILE**********************/
applications\FTC_FlyControl.cpp: 1 warning, 0 errors
linking...
Program Size: Code=46066 RO-data=710 RW-data=204 ZI-data=4164  
FromELF: creating hex file...
".\build\FTC_Hexacopter.axf" - 0 Error(s), 1 Warning(s).
</pre>
</body>
</html>
********/
applications\FTC_FlyControl.cpp: 1 warning, 0 errors
compiling FTC_IMU.cpp...
compiling FTC_Motor.cpp...
compiling FTC_Navgation.cpp...
compiling FTC_Param.cpp...
compiling FTC_PID.cpp...
compiling FTC_RC.cpp...
applications\FTC_RC.cpp(189): warning:  #1-D: last line of file ends without a newline
  /******************* (C) COPYRIGHT 2015 FTC *****END OF FILE************/
applications\FTC_RC.cpp: 1 warning, 0 errors
compiling FTC_Scheduler.cpp...
compiling FTC_Math.cpp...
compiling FTC_Matrix3.cpp...
compiling FTC_Quaternion.cpp...
compiling FTC_Vector3.cpp...
compiling board.c...
compiling FTC_Drv_ADC.c...
compiling FTC_Drv_EEPROM.c...
compiling FTC_Drv_I2C_soft.cpp...
compiling FTC_Drv_LED.cpp...
compiling FTC_Drv_MPU6050.cpp...
compiling FTC_Drv_MS5611.cpp...
compiling FTC_Drv_Nrf24l01.cpp...
compiling FTC_Drv_PWM.cpp...
compiling FTC_Drv_SPI2.cpp...
compiling FTC_Drv_Uart3.cpp...
drivers\FTC_Drv_Uart3.cpp(60): warning:  #177-D: variable "RxBuffer3" was declared but never referenced
  static u8 RxBuffer3[50];
drivers\FTC_Drv_Uart3.cpp: 1 warning, 0 errors
compiling stm32f10x_it.c...
compiling misc.c...
compiling stm32f10x_adc.c...
compiling stm32f10x_dma.c...
compiling stm32f10x_flash.c...
compiling stm32f10x_gpio.c...
compiling stm32f10x_rcc.c...
compiling stm32f10x_spi.c...
compiling stm32f10x_tim.c...
compiling stm32f10x_usart.c...
compiling system_stm32f10x.c...
assembling startup_stm32f10x_md.s...
linking...
Program Size: Code=46066 RO-data=710 RW-data=204 ZI-data=4164  
FromELF: creating hex file...
".\build\FTC_Hexacopter.axf" - 0 Error(s), 4 Warning(s).
Load "C:\\Users\\Chonor\\Desktop\\FTC-Explorer-V1.1\\build\\FTC_Hexacopter.axf" 
Set JLink Project File to "C:\Users\Chonor\Desktop\FTC-Explorer-V1.1\JLinkSettings.ini"
* JLink Info: Device "STM32F103C8" selected (64 KB flash, 20 KB RAM).
 
JLink info:
------------
DLL: V4.80g, compiled Feb 13 2014 20:50:02
Firmware: J-Link ARM-OB STM32 compiled Aug 22 2012 19:52:04
Hardware: V7.00
S/N : 20090928 
Feature(s) : RDI,FlashDL,FlashBP,JFlash,GDBFull 
 
* JLink Info: Found SWD-DP with ID 0x1BA01477
* JLink Info: Found SWD-DP with ID 0x1BA01477
* JLink Info: Found Cortex-M3 r1p1, Little endian.
* JLink Info: FPUnit: 6 code (BP) slots and 2 literal slots
* JLink Info: TPIU fitted.
ROMTableAddr = 0xE00FF003
 
Target info:
------------
Device: STM32F103C8
VTarget = 3.300V
State of Pins: 
TCK: 0, TDI: 0, TDO: 1, TMS: 0, TRES: 1, TRST: 1
Hardware-Breakpoints: 6
Software-Breakpoints: 8192
Watchpoints:          4
JTAG speed: 4000 kHz
 
Erase Done.
Programming Done.
Verify OK.
Application running ...
lashDL,FlashBP,JFlash,GDBFull 
 
* JLink Info: STM32F1xxx: Can not attach to CPU. Trying connect under reset.
Error: Flash Download failed  -  Target DLL has been cancelled
Load "C:\\Users\\Chonor\\Desktop\\FTC-Explorer-V1.1\\build\\FTC_Hexacopter.axf" 
Set JLink Project File to "C:\Users\Chonor\Desktop\FTC-Explorer-V1.1\JLinkSettings.ini"
* JLink Info: Device "STM32F103C8" selected (64 KB flash, 20 KB RAM).
 
JLink info:
------------
DLL: V4.80g, compiled Feb 13 2014 20:50:02
Firmware: J-Link ARM-OB STM32 compiled Aug 22 2012 19:52:04
Hardware: V7.00
S/N : 20090928 
Feature(s) : RDI,FlashDL,FlashBP,JFlash,GDBFull 
 
* JLink Info: STM32F1xxx: Can not attach to CPU. Trying connect under reset.
Error: Flash Download failed  -  Target DLL has been cancelled
Load "C:\\Users\\Chonor\\Desktop\\FTC-Explorer-V1.1\\build\\FTC_Hexacopter.axf" 
Set JLink Project File to "C:\Users\Chonor\Desktop\FTC-Explorer-V1.1\JLinkSettings.ini"
* JLink Info: Device "STM32F103C8" selected (64 KB flash, 20 KB RAM).
 
JLink info:
------------
DLL: V4.80g, compiled Feb 13 2014 20:50:02
Firmware: J-Link ARM-OB STM32 compiled Aug 22 2012 19:52:04
Hardware: V7.00
S/N : 20090928 
Feature(s) : RDI,FlashDL,FlashBP,JFlash,GDBFull 
 
* JLink Info: Found SWD-DP with ID 0x1BA01477
* JLink Info: Found SWD-DP with ID 0x1BA01477
* JLink Info: Found Cortex-M3 r1p1, Little endian.
* JLink Info: FPUnit: 6 code (BP) slots and 2 literal slots
* JLink Info: TPIU fitted.
ROMTableAddr = 0xE00FF003
 
Target info:
------------
Device: STM32F103C8
VTarget = 3.300V
State of Pins: 
TCK: 0, TDI: 0, TDO: 1, TMS: 0, TRES: 1, TRST: 1
Hardware-Breakpoints: 6
Software-Breakpoints: 8192
Watchpoints:          4
JTAG speed: 4000 kHz
 
Erase Done.
Programming Done.
Verify OK.
Application running ...
